
> frontend@0.0.0 test
> ng test --watch=false

❯ Building...
✔ Building...
Initial chunk files                                                      | Names                                                                 |  Raw size
spec-app-features-contratos-contrato-detail-contrato-detail.component.js | spec-app-features-contratos-contrato-detail-contrato-detail.component | 175.51 kB | 
spec-app-features-contratos-contrato-form-contrato-form.component.js     | spec-app-features-contratos-contrato-form-contrato-form.component     | 150.51 kB | 
spec-app-pages-dashboard-dashboard.component.js                          | spec-app-pages-dashboard-dashboard.component                          | 150.38 kB | 
spec-app-features-contratos-contrato-list-contrato-list.component.js     | spec-app-features-contratos-contrato-list-contrato-list.component     |  96.74 kB | 
spec-app-features-tags-tag-list-tag-list.component.js                    | spec-app-features-tags-tag-list-tag-list.component                    |  60.97 kB | 
styles.css                                                               | styles                                                                |  32.01 kB | 
chunk-VBNSR6IQ.js                                                        | -                                                                     |  17.59 kB | 
spec-app-services-auth.service.js                                        | spec-app-services-auth.service                                        |   8.25 kB | 
chunk-ENZ4CWWK.js                                                        | -                                                                     |   8.07 kB | 
chunk-YXJMCAYO.js                                                        | -                                                                     |   5.31 kB | 
chunk-A44TLS2P.js                                                        | -                                                                     |   4.74 kB | 
spec-app-shared-components-tag-picker-tag-picker.component.js            | spec-app-shared-components-tag-picker-tag-picker.component            |   4.49 kB | 
spec-app-services-contrato.service.js                                    | spec-app-services-contrato.service                                    |   4.14 kB | 
spec-app-services-diaria.service.js                                      | spec-app-services-diaria.service                                      |   3.96 kB | 
spec-app-services-cliente.service.js                                     | spec-app-services-cliente.service                                     |   3.77 kB | 
spec-app-services-funcionario.service.js                                 | spec-app-services-funcionario.service                                 |   3.48 kB | 
spec-app-services-posto.service.js                                       | spec-app-services-posto.service                                       |   3.12 kB | 
spec-app-shared-helpers-contrato-calculo.helper.js                       | spec-app-shared-helpers-contrato-calculo.helper                       |   2.97 kB | 
spec-app-services-tag.service.js                                         | spec-app-services-tag.service                                         |   2.93 kB | 
chunk-7FJQOHBQ.js                                                        | -                                                                     |   2.86 kB | 
spec-app-services-alocacao.service.js                                    | spec-app-services-alocacao.service                                    |   2.83 kB | 
chunk-ZF5FSE4V.js                                                        | -                                                                     |   2.82 kB | 
spec-app-services-entity-cache-coordinator.service.js                    | spec-app-services-entity-cache-coordinator.service                    |   2.56 kB | 
chunk-ZMQ3RWDO.js                                                        | -                                                                     |   2.51 kB | 
spec-app-app.js                                                          | spec-app-app                                                          |   2.37 kB | 
chunk-LLFWUWTB.js                                                        | -                                                                     |   2.37 kB | 
chunk-CB6DBKXB.js                                                        | -                                                                     |   2.27 kB | 
chunk-PGPMFGQH.js                                                        | -                                                                     |   2.22 kB | 
chunk-DM5QS3SY.js                                                        | -                                                                     |   2.13 kB | 
chunk-L2IC2CS6.js                                                        | -                                                                     |   1.99 kB | 
chunk-4O5EHUEN.js                                                        | -                                                                     |   1.74 kB | 
chunk-HNP7MONP.js                                                        | -                                                                     |   1.68 kB | 
init-testbed.js                                                          | init-testbed                                                          |   1.20 kB | 
chunk-DDE4NLQV.js                                                        | -                                                                     | 178 bytes | 

                                                                         | Initial total                                                         | 770.65 kB

Application bundle generation complete. [11.255 seconds] - 2026-05-13T00:41:34.601Z


 RUN  v4.0.16 /home/jpcalsavara/projetos/andamento/InterceptorSystem/frontend

 ❯ |frontend| src/app/app.spec.ts (2 tests | 1 failed) 398ms
     ✓ should create the app 283ms
     × should render title 102ms
 ✓ |frontend| src/app/services/auth.service.spec.ts (10 tests) 244ms
 ✓ |frontend| src/app/services/diaria.service.spec.ts (6 tests) 308ms
 ✓ |frontend| src/app/services/contrato.service.spec.ts (6 tests) 335ms
 ✓ |frontend| src/app/services/cliente.service.spec.ts (6 tests) 116ms
 ✓ |frontend| src/app/services/posto.service.spec.ts (5 tests) 150ms
 ✓ |frontend| src/app/services/funcionario.service.spec.ts (5 tests) 129ms
 ✓ |frontend| src/app/services/tag.service.spec.ts (5 tests) 82ms
 ✓ |frontend| src/app/services/alocacao.service.spec.ts (3 tests) 47ms
 ✓ |frontend| src/app/services/entity-cache-coordinator.service.spec.ts (4 tests) 24ms
 ✓ |frontend| src/app/shared/helpers/contrato-calculo.helper.spec.ts (7 tests) 32ms
 ❯ |frontend| src/app/features/tags/tag-list/tag-list.component.spec.ts (5 tests | 5 failed) 109ms
     × renderiza a lista de tags carregadas 52ms
     × exibe o contador de resultados correto 6ms
     × exibe mensagem de erro quando o serviço falha 23ms
     × abre o modal de criação ao clicar em "+ Nova Tag" 2ms
     × chama service.delete ao confirmar exclusão 15ms
stderr | src/app/features/contratos/contrato-form/contrato-form.component.spec.ts > ContratoFormComponent > renderiza o título "Novo Contrato" no modo de criação

  It looks like you're using the disabled attribute with a reactive form directive. If you set disabled to true
  when you set up this control in your component class, the disabled attribute will actually be set in the DOM for
  you. We recommend using this approach to avoid 'changed after checked' errors.

  Example:
  // Specify the `disabled` property at control creation time:
  form = new FormGroup({
    first: new FormControl({value: 'Nancy', disabled: true}, Validators.required),
    last: new FormControl('Drew', Validators.required)
  });

  // Controls can also be enabled/disabled after creation:
  form.get('first')?.enable();
  form.get('last')?.disable();


 ❯ |frontend| src/app/shared/components/tag-picker/tag-picker.component.spec.ts (10 tests | 6 failed) 2507ms
     × renderiza os botões de seleção para cada tag 654ms
     × permite buscar tags por nome 186ms
     × exibe mensagem quando nenhuma tag é encontrada 114ms
     × abre e fecha o dropdown ao focar/desfocar 188ms
     × permite selecionar múltiplas tags e exibe-as no input 103ms
     × permite remover uma tag selecionada ao clicar no "X" 66ms
     ✓ emite selectionChange removendo ao clicar em tag já selecionada  666ms
     ✓ não emite selectionChange em tag travada 275ms
     ✓ não emite selectionChange quando disabled 188ms
     ✓ usa label customizado quando fornecido 55ms
stderr | src/app/features/contratos/contrato-form/contrato-form.component.spec.ts > ContratoFormComponent > carrega e exibe a lista de clientes no select

  It looks like you're using the disabled attribute with a reactive form directive. If you set disabled to true
  when you set up this control in your component class, the disabled attribute will actually be set in the DOM for
  you. We recommend using this approach to avoid 'changed after checked' errors.

  Example:
  // Specify the `disabled` property at control creation time:
  form = new FormGroup({
    first: new FormControl({value: 'Nancy', disabled: true}, Validators.required),
    last: new FormControl('Drew', Validators.required)
  });

  // Controls can also be enabled/disabled after creation:
  form.get('first')?.enable();
  form.get('last')?.disable();


stderr | src/app/features/contratos/contrato-form/contrato-form.component.spec.ts > ContratoFormComponent > preenche valores padrão nos campos numéricos

  It looks like you're using the disabled attribute with a reactive form directive. If you set disabled to true
  when you set up this control in your component class, the disabled attribute will actually be set in the DOM for
  you. We recommend using this approach to avoid 'changed after checked' errors.

  Example:
  // Specify the `disabled` property at control creation time:
  form = new FormGroup({
    first: new FormControl({value: 'Nancy', disabled: true}, Validators.required),
    last: new FormControl('Drew', Validators.required)
  });

  // Controls can also be enabled/disabled after creation:
  form.get('first')?.enable();
  form.get('last')?.disable();


stderr | src/app/features/contratos/contrato-form/contrato-form.component.spec.ts > ContratoFormComponent > exibe erros de validação ao submeter o form com cliente vazio

  It looks like you're using the disabled attribute with a reactive form directive. If you set disabled to true
  when you set up this control in your component class, the disabled attribute will actually be set in the DOM for
  you. We recommend using this approach to avoid 'changed after checked' errors.

  Example:
  // Specify the `disabled` property at control creation time:
  form = new FormGroup({
    first: new FormControl({value: 'Nancy', disabled: true}, Validators.required),
    last: new FormControl('Drew', Validators.required)
  });

  // Controls can also be enabled/disabled after creation:
  form.get('first')?.enable();
  form.get('last')?.disable();


stderr | src/app/features/contratos/contrato-form/contrato-form.component.spec.ts > ContratoFormComponent > exibe o botão de voltar para a lista de contratos

  It looks like you're using the disabled attribute with a reactive form directive. If you set disabled to true
  when you set up this control in your component class, the disabled attribute will actually be set in the DOM for
  you. We recommend using this approach to avoid 'changed after checked' errors.

  Example:
  // Specify the `disabled` property at control creation time:
  form = new FormGroup({
    first: new FormControl({value: 'Nancy', disabled: true}, Validators.required),
    last: new FormControl('Drew', Validators.required)
  });

  // Controls can also be enabled/disabled after creation:
  form.get('first')?.enable();
  form.get('last')?.disable();


stderr | src/app/features/contratos/contrato-form/contrato-form.component.spec.ts > ContratoFormComponent > exibe tag picker com as tags disponíveis

  It looks like you're using the disabled attribute with a reactive form directive. If you set disabled to true
  when you set up this control in your component class, the disabled attribute will actually be set in the DOM for
  you. We recommend using this approach to avoid 'changed after checked' errors.

  Example:
  // Specify the `disabled` property at control creation time:
  form = new FormGroup({
    first: new FormControl({value: 'Nancy', disabled: true}, Validators.required),
    last: new FormControl('Drew', Validators.required)
  });

  // Controls can also be enabled/disabled after creation:
  form.get('first')?.enable();
  form.get('last')?.disable();


 ❯ |frontend| src/app/features/contratos/contrato-form/contrato-form.component.spec.ts (6 tests | 2 failed) 5349ms
     ✓ renderiza o título "Novo Contrato" no modo de criação  2055ms
     ✓ carrega e exibe a lista de clientes no select  445ms
     × preenche valores padrão nos campos numéricos 448ms
     ✓ exibe erros de validação ao submeter o form com cliente vazio  579ms
     × exibe o botão de voltar para a lista de contratos 1724ms
     ✓ exibe tag picker com as tags disponíveis 91ms

⎯⎯⎯⎯⎯⎯ Failed Suites 3 ⎯⎯⎯⎯⎯⎯⎯

 FAIL  |frontend| src/app/pages/dashboard/dashboard.component.spec.ts [ src/app/pages/dashboard/dashboard.component.spec.ts ]
Error: zone-testing.js is needed for the fakeAsync() test helper but could not be found.
        Please make sure that your environment includes zone.js/testing
 ❯ withFakeAsyncTestModule node_modules/@angular/core/fesm2022/testing.mjs:297:11
 ❯ fakeAsync node_modules/@angular/core/fesm2022/testing.mjs:311:10
 ❯ src/app/pages/dashboard/dashboard.component.spec.ts:163:49
    161|     });
    162| 
    163|     it('deve carregar clientes ao inicializar', fakeAsync(() => {
       |                                                 ^
    164|       fixture.detectChanges();
    165|       tick();

⎯⎯⎯⎯⎯⎯⎯⎯⎯⎯⎯⎯⎯⎯⎯⎯⎯⎯⎯⎯⎯⎯⎯[1/17]⎯

 FAIL  |frontend| src/app/features/contratos/contrato-detail/contrato-detail.component.spec.ts [ src/app/features/contratos/contrato-detail/contrato-detail.component.spec.ts ]
Error: zone-testing.js is needed for the fakeAsync() test helper but could not be found.
        Please make sure that your environment includes zone.js/testing
 ❯ withFakeAsyncTestModule node_modules/@angular/core/fesm2022/testing.mjs:297:11
 ❯ fakeAsync node_modules/@angular/core/fesm2022/testing.mjs:311:10
 ❯ src/app/features/contratos/contrato-detail/contrato-detail.component.spec.ts:97:34
     95|   });
     96| 
     97|   it('should load data on init', fakeAsync(() => {
       |                                  ^
     98|     mockContratoService.delete.and.returnValue(of(undefined));
     99|     mockContratoService.getById.and.returnValue(of(mockContrato as any…

⎯⎯⎯⎯⎯⎯⎯⎯⎯⎯⎯⎯⎯⎯⎯⎯⎯⎯⎯⎯⎯⎯⎯[2/17]⎯

 FAIL  |frontend| src/app/features/contratos/contrato-list/contrato-list.component.spec.ts [ src/app/features/contratos/contrato-list/contrato-list.component.spec.ts ]
Error: zone-testing.js is needed for the fakeAsync() test helper but could not be found.
        Please make sure that your environment includes zone.js/testing
 ❯ withFakeAsyncTestModule node_modules/@angular/core/fesm2022/testing.mjs:297:11
 ❯ fakeAsync node_modules/@angular/core/fesm2022/testing.mjs:311:10
 ❯ src/app/features/contratos/contrato-list/contrato-list.component.spec.ts:111:51
    109|   });
    110| 
    111|   it('should call delete service when confirmed', fakeAsync(() => {
       |                                                   ^
    112|     spyOn(window, 'confirm').and.returnValue(true);
    113|     mockContratoService.delete.and.returnValue(of(undefined));

⎯⎯⎯⎯⎯⎯⎯⎯⎯⎯⎯⎯⎯⎯⎯⎯⎯⎯⎯⎯⎯⎯⎯[3/17]⎯


⎯⎯⎯⎯⎯⎯ Failed Tests 14 ⎯⎯⎯⎯⎯⎯⎯

 FAIL  |frontend| src/app/app.spec.ts > App > should render title
AssertionError: the given combination of arguments (undefined and string) is invalid for this assertion. You can use an array, a map, an object, a set, a string, or a weakset instead of a string
 ❯ src/app/app.spec.ts:21:55
     19|     await fixture.whenStable();
     20|     const compiled = fixture.nativeElement as HTMLElement;
     21|     expect(compiled.querySelector('h1')?.textContent).toContain('Hello…
       |                                                       ^
     22|   });
     23| });

⎯⎯⎯⎯⎯⎯⎯⎯⎯⎯⎯⎯⎯⎯⎯⎯⎯⎯⎯⎯⎯⎯⎯[4/17]⎯

 FAIL  |frontend| src/app/features/contratos/contrato-form/contrato-form.component.spec.ts > ContratoFormComponent > preenche valores padrão nos campos numéricos
TestingLibraryElementError: Unable to find a label with the text of: /Número de Postos/

Ignored nodes: comments, script, style
[36m<body>[39m
  [36m<div[39m
    [33m_nghost-a-c1325333187[39m=[32m""[39m
    [33mid[39m=[32m"root2"[39m
    [33mng-version[39m=[32m"21.0.6"[39m
  [36m>[39m
    [36m<div[39m
      [33m_ngcontent-a-c1325333187[39m=[32m""[39m
      [33mclass[39m=[32m"page-container form-page"[39m
    [36m>[39m
      [36m<div[39m
        [33m_ngcontent-a-c1325333187[39m=[32m""[39m
        [33mclass[39m=[32m"page-header"[39m
      [36m>[39m
        [36m<div[39m
          [33m_ngcontent-a-c1325333187[39m=[32m""[39m
          [33mclass[39m=[32m"header-content"[39m
        [36m>[39m
          [36m<button[39m
            [33m_ngcontent-a-c1325333187[39m=[32m""[39m
            [33mclass[39m=[32m"btn-back"[39m
            [33mrouterlink[39m=[32m"/contratos"[39m
            [33mtabindex[39m=[32m"0"[39m
          [36m>[39m
            [36m<svg[39m
              [33m_ngcontent-a-c1325333187[39m=[32m""[39m
              [33mfill[39m=[32m"currentColor"[39m
              [33mheight[39m=[32m"20"[39m
              [33mviewBox[39m=[32m"0 0 20 20"[39m
              [33mwidth[39m=[32m"20"[39m
            [36m>[39m
              [36m<path[39m
                [33m_ngcontent-a-c1325333187[39m=[32m""[39m
                [33mclip-rule[39m=[32m"evenodd"[39m
                [33md[39m=[32m"M9.707 16.707a1 1 0 01-1.414 0l-6-6a1 1 0 010-1.414l6-6a1 1 0 011.414 1.414L5.414 9H17a1 1 0 110 2H5.414l4.293 4.293a1 1 0 010 1.414z"[39m
                [33mfill-rule[39m=[32m"evenodd"[39m
              [36m/>[39m
            [36m</svg>[39m
            [0m Voltar [0m
          [36m</button>[39m
          [36m<h1[39m
            [33m_ngcontent-a-c1325333187[39m=[32m""[39m
          [36m>[39m
            [0mNovo Contrato[0m
          [36m</h1>[39m
          [36m<p[39m
            [33m_ngcontent-a-c1325333187[39m=[32m""[39m
            [33mclass[39m=[32m"subtitle"[39m
          [36m>[39m
            [0m Preencha os dados para cadastrar um novo contrato [0m
          [36m</p>[39m
        [36m</div>[39m
      [36m</div>[39m
      [36m<form[39m
        [33m_ngcontent-a-c1325333187[39m=[32m""[39m
        [33mclass[39m=[32m"form-container ng-untouched ng-pristine ng-invalid"[39m
        [33mnovalidate[39m=[32m""[39m
      [36m>[39m
        [36m<div[39m
          [33m_ngcontent-a-c1325333187[39m=[32m""[39m
          [33mclass[39m=[32m"form-card"[39m
        [36m>[39m
          [36m<div[39m
            [33m_ngcontent-a-c1325333187[39m=[32m""[39m
            [33mclass[39m=[32m"form-group"[39m
          [36m>[39m
            [36m<label[39m
              [33m_ngcontent-a-c1325333187[39m=[32m""[39m
              [33mclass[39m=[32m"form-label"[39m
              [33mfor[39m=[32m"clienteId"[39m
            [36m>[39m
              [0m Cliente [0m
              [36m<span[39m
                [33m_ngcontent-a-c1325333187[39m=[32m""[39m
                [33mclass[39m=[32m"required"[39m
              [36m>[39m
                [0m*[0m
              [36m</span>[39m
            [36m</label>[39m
            [36m<select[39m
              [33m_ngcontent-a-c1325333187[39m=[32m""[39m
              [33mclass[39m=[32m"form-input ng-untouched ng-pristine ng-invalid"[39m
              [33mdata-testid[39m=[32m"contrato-cliente"[39m
              [33mformcontrolname[39m=[32m"clienteId"[39m
              [33mid[39m=[32m"clienteId"[39m
            [36m>[39m
              [36m<option[39m
                [33m_ngcontent-a-c1325333187[39m=[32m""[39m
                [33mvalue[39m=[32m""[39m
              [36m>[39m
                [0mSelecione um cliente[0m
              [36m</option>[39m
              [36m<option[39m
                [33m_ngcontent-a-c1325333187[39m=[32m""[39m
                [33mvalue[39m=[32m"c1"[39m
              [36m>[39m
                [0mEmpresa Alpha[0m
              [36m</option>[39m
              [36m<option[39m
                [33m_ngcontent-a-c1325333187[39m=[32m""[39m
                [33mvalue[39m=[32m"c2"[39m
              [36m>[39m
                [0mEmpresa Beta[0m
              [36m</option>[39m
            [36m</select>[39m
          [36m</div>[39m
          [36m<div[39m
            [33m_ngcontent-a-c1325333187[39m=[32m""[39m
            [33mclass[39m=[32m"form-group"[39m
          [36m>[39m
            [36m<label[39m
              [33m_ngcontent-a-c1325333187[39m=[32m""[39m
              [33mclass[39m=[32m"form-label"[39m
              [33mfor[39m=[32m"descricao"[39m
            [36m>[39m
              [0m Descrição [0m
              [36m<span[39m
                [33m_ngcontent-a-c1325333187[39m=[32m""[39m
                [33mclass[39m=[32m"required"[39m
              [36m>[39m
                [0m*[0m
              [36m</span>[39m
            [36m</label>[39m
            [36m<textarea[39m
              [33m_ngcontent-a-c1325333187[39m=[32m""[39m
              [33mclass[39m=[32m"form-input ng-untouched ng-pristine ng-invalid"[39m
              [33mdata-testid[39m=[32m"contrato-titulo"[39m
              [33mformcontrolname[39m=[32m"descricao"[39m
              [33mid[39m=[32m"descricao"[39m
              [33mplaceholder[39m=[32m"Ex: Contrato de prestação de serviços de vigilância"[39m
              [33mrows[39m=[32m"3"[39m
            [36m>[39m
              [0m        [0m
            [36m</textarea>[39m
          [36m</div>[39m
          [36m<h3[39m
            [33m_ngcontent-a-c1325333187[39m=[32m""[39m
            [33mclass[39m=[32m"section-title"[39m
          [36m>[39m
            [0mTags e Precificação por Função[0m
          [36m</h3>[39m
          [36m<app-tag-picker[39m
            [33m_ngcontent-a-c1325333187[39m=[32m""[39m
            [33m_nghost-a-c3509680523[39m=[32m""[39m
          [36m>[39m
            [36m<div[39m
              [33m_ngcontent-a-c3509680523[39m=[32m""[39m
              [33mclass[39m=[32m"tag-picker"[39m
            [36m>[39m
              [36m<div[39m
                [33m_ngcontent-a-c3509680523[39m=[32m""[39m
                [33mclass[39m=[32m"picker-header"[39m
              [36m>[39m
                [36m<label[39m
                  [33m_ngcontent-a-c3509680523[39m=[32m""[39m
                  [33mclass[39m=[32m"picker-label"[39m
                [36m>[39m
                  [0mSeleção de tags do contrato[0m
                [36m</label>[39m
                [36m<p[39m
                  [33m_ngcontent-a-c3509680523[39m=[32m""[39m
                  [33mclass[39m=[32m"helper-text"[39m
                [36m>[39m
                  [0mSelecione as tags aplicáveis ao contrato e informe o valor da diária específico de cada função.[0m
              ...
 ❯ Object.getElementError node_modules/@testing-library/dom/dist/config.js:37:19
 ❯ getAllByLabelText node_modules/@testing-library/dom/dist/queries/label-text.js:111:38
 ❯ node_modules/@testing-library/dom/dist/query-helpers.js:52:17
 ❯ node_modules/@testing-library/dom/dist/query-helpers.js:95:19
 ❯ src/app/features/contratos/contrato-form/contrato-form.component.spec.ts:73:27
     71|     await render(ContratoFormComponent, { providers: buildProviders() …
     72| 
     73|     const postos = screen.getByLabelText(/Número de Postos/) as HTMLIn…
       |                           ^
     74|     expect(postos.value).toBe('2');
     75|   });

⎯⎯⎯⎯⎯⎯⎯⎯⎯⎯⎯⎯⎯⎯⎯⎯⎯⎯⎯⎯⎯⎯⎯[5/17]⎯

 FAIL  |frontend| src/app/features/contratos/contrato-form/contrato-form.component.spec.ts > ContratoFormComponent > exibe o botão de voltar para a lista de contratos
TestingLibraryElementError: Unable to find an accessible element with the role "button" and name `/Salvar/`

Here are the accessible roles:

  button:

  Name "Voltar":
  [36m<button[39m
    [33m_ngcontent-a-c1325333187[39m=[32m""[39m
    [33mclass[39m=[32m"btn-back"[39m
    [33mrouterlink[39m=[32m"/contratos"[39m
    [33mtabindex[39m=[32m"0"[39m
  [36m/>[39m

  Name "VigilanteGuarda":
  [36m<button[39m
    [33m_ngcontent-a-c3509680523[39m=[32m""[39m
    [33mclass[39m=[32m"tag-option"[39m
    [33mtype[39m=[32m"button"[39m
  [36m/>[39m

  Name "Cancelar":
  [36m<button[39m
    [33m_ngcontent-a-c1325333187[39m=[32m""[39m
    [33mclass[39m=[32m"btn-secondary"[39m
    [33mtype[39m=[32m"button"[39m
  [36m/>[39m

  Name "Cadastrar":
  [36m<button[39m
    [33m_ngcontent-a-c1325333187[39m=[32m""[39m
    [33mclass[39m=[32m"btn-primary"[39m
    [33mdata-testid[39m=[32m"btn-save-contrato"[39m
    [33mtype[39m=[32m"submit"[39m
  [36m/>[39m

  --------------------------------------------------
  heading:

  Name "Novo Contrato":
  [36m<h1[39m
    [33m_ngcontent-a-c1325333187[39m=[32m""[39m
  [36m/>[39m

  Name "Tags e Precificação por Função":
  [36m<h3[39m
    [33m_ngcontent-a-c1325333187[39m=[32m""[39m
    [33mclass[39m=[32m"section-title"[39m
  [36m/>[39m

  Name "Estrutura do Contrato (Postos e Alocações)":
  [36m<h3[39m
    [33m_ngcontent-a-c1325333187[39m=[32m""[39m
    [33mclass[39m=[32m"section-title"[39m
  [36m/>[39m

  Name "Configuração do Posto 1":
  [36m<h4[39m
    [33m_ngcontent-a-c1325333187[39m=[32m""[39m
    [33mclass[39m=[32m"posto-title"[39m
  [36m/>[39m

  Name "Percentuais e Margens":
  [36m<h3[39m
    [33m_ngcontent-a-c1325333187[39m=[32m""[39m
    [33mclass[39m=[32m"section-title"[39m
  [36m/>[39m

  Name "Período do Contrato":
  [36m<h3[39m
    [33m_ngcontent-a-c1325333187[39m=[32m""[39m
    [33mclass[39m=[32m"section-title"[39m
  [36m/>[39m

  Name "R$0.00":
  [36m<h2[39m
    [33m_ngcontent-a-c1325333187[39m=[32m""[39m
    [33mclass[39m=[32m"result-value"[39m
    [33mdata-testid[39m=[32m"valor-total-mensal"[39m
  [36m/>[39m

  --------------------------------------------------
  paragraph:

  Name "":
  [36m<p[39m
    [33m_ngcontent-a-c1325333187[39m=[32m""[39m
    [33mclass[39m=[32m"subtitle"[39m
  [36m/>[39m

  Name "":
  [36m<p[39m
    [33m_ngcontent-a-c3509680523[39m=[32m""[39m
    [33mclass[39m=[32m"helper-text"[39m
  [36m/>[39m

  Name "":
  [36m<p[39m
    [33m_ngcontent-a-c1325333187[39m=[32m""[39m
    [33mclass[39m=[32m"result-label"[39m
  [36m/>[39m

  Name "":
  [36m<p[39m
    [33m_ngcontent-a-c1325333187[39m=[32m""[39m
    [33mclass[39m=[32m"result-info"[39m
  [36m/>[39m

  Name "":
  [36m<p[39m
    [33m_ngcontent-a-c1325333187[39m=[32m""[39m
    [33mclass[39m=[32m"required-note"[39m
  [36m/>[39m

  --------------------------------------------------
  combobox:

  Name "Cliente *":
  [36m<select[39m
    [33m_ngcontent-a-c1325333187[39m=[32m""[39m
    [33mclass[39m=[32m"form-input ng-untouched ng-pristine ng-invalid"[39m
    [33mdata-testid[39m=[32m"contrato-cliente"[39m
    [33mformcontrolname[39m=[32m"clienteId"[39m
    [33mid[39m=[32m"clienteId"[39m
  [36m/>[39m

  Name "":
  [36m<select[39m
    [33m_ngcontent-a-c1325333187[39m=[32m""[39m
    [33mclass[39m=[32m"form-input ng-untouched ng-pristine ng-valid"[39m
    [33mdata-testid[39m=[32m"contrato-tipo-posto"[39m
    [33mformcontrolname[39m=[32m"tipoPosto"[39m
  [36m/>[39m

  Name "Status *":
  [36m<select[39m
    [33m_ngcontent-a-c1325333187[39m=[32m""[39m
    [33mclass[39m=[32m"form-input ng-untouched ng-pristine ng-valid"[39m
    [33mdata-testid[39m=[32m"contrato-status"[39m
    [33mformcontrolname[39m=[32m"status"[39m
    [33mid[39m=[32m"status"[39m
  [36m/>[39m

  --------------------------------------------------
  option:

  Name "Selecione um cliente":
  [36m<option[39m
    [33m_ngcontent-a-c1325333187[39m=[32m""[39m
    [33mvalue[39m=[32m""[39m
  [36m/>[39m

  Name "Empresa Alpha":
  [36m<option[39m
    [33m_ngcontent-a-c1325333187[39m=[32m""[39m
    [33mvalue[39m=[32m"c1"[39m
  [36m/>[39m

  Name "Empresa Beta":
  [36m<option[39m
    [33m_ngcontent-a-c1325333187[39m=[32m""[39m
    [33mvalue[39m=[32m"c2"[39m
  [36m/>[39m

  Name "12×36 (Dia / Noite) — 1 func./turno":
  [36m<option[39m
    [33m_ngcontent-a-c1325333187[39m=[32m""[39m
    [33mvalue[39m=[32m"ESCALA_12X36"[39m
  [36m/>[39m

  Name "12×36 (Dia / Noite) — 2 func./turno":
  [36m<option[39m
    [33m_ngcontent-a-c1325333187[39m=[32m""[39m
    [33mvalue[39m=[32m"ESCALA_12X36_DUPLA"[39m
  [36m/>[39m

  Name "8h (Manhã / Tarde / Noite) — 1 func./turno":
  [36m<option[39m
    [33m_ngcontent-a-c1325333187[39m=[32m""[39m
    [33mvalue[39m=[32m"ESCALA_8H_3TURNOS"[39m
  [36m/>[39m

  Name "5×2 Diurno — 1 func./turno":
  [36m<option[39m
    [33m_ngcontent-a-c1325333187[39m=[32m""[39m
    [33mvalue[39m=[32m"ESCALA_5X2_DIURNO"[39m
  [36m/>[39m

  Name "24h Único — 1 func.":
  [36m<option[39m
    [33m_ngcontent-a-c1325333187[39m=[32m""[39m
    [33mvalue[39m=[32m"ESCALA_24H_UNICO"[39m
  [36m/>[39m

  Name "Personalizado (edição livre)":
  [36m<option[39m
    [33m_ngcontent-a-c1325333187[39m=[32m""[39m
    [33mvalue[39m=[32m"PERSONALIZADO"[39m
  [36m/>[39m

  Name "Ativo":
  [36m<option[39m
    [33m_ngcontent-a-c1325333187[39m=[32m""[39m
    [33mvalue[39m=[32m"ATIVO"[39m
  [36m/>[39m

  Name "Pendente":
  [36m<option[39m
    [33m_ngcontent-a-c1325333187[39m=[32m""[39m
    [33mvalue[39m=[32m"PENDENTE"[39m
  [36m/>[39m

  Name "Finalizado":
  [36m<option[39m
    [33m_ngcontent-a-c1325333187[39m=[32m""[39m
    [33mvalue[39m=[32m"FINALIZADO"[39m
  [36m/>[39m

  --------------------------------------------------
  textbox:

  Name "Descrição *":
  [36m<textarea[39m
    [33m_ngcontent-a-c1325333187[39m=[32m""[39m
    [33mclass[39m=[32m"form-input ng-untouched ng-pristine ng-invalid"[39m
    [33mdata-testid[39m=[32m"contrato-titulo"[39m
    [33mformcontrolname[39m=[32m"descricao"[39m
    [33mid[39m=[32m"descricao"[39m
    [33mplaceholder[39m=[32m"Ex: Contrato de prestação de serviços de vigilância"[39m
    [33mrows[39m=[32m"3"[39m
  [36m/>[39m

  Name "":
  [36m<input[39m
    [33m_ngcontent-a-c3509680523[39m=[32m""[39m
    [33mclass[39m=[32m"search-input ng-untouched ng-pristine ng-valid"[39m
    [33mplaceholder[39m=[32m"Buscar por nome ou descrição..."[39m
    [33mtype[39m=[32m"text"[39m
  [36m/>[39m

  --------------------------------------------------
  strong:

  Name "":
  [36m<strong[39m
    [33m_ngcontent-a-c3509680523[39m=[32m""[39m
  [36m/>[39m

  Name "":
  [36m<strong[39m
    [33m_ngcontent-a-c1325333187[39m=[32m""[39m
  [36m/>[39m

  --------------------------------------------------
  spinbutton:

  Name "Quantidade de Postos Físicos (Locais) *":
  [36m<input[39m
    [33m_ngcontent-a-c1325333187[39m=[32m""[39m
    [33mclass[39m=[32m"form-input ng-untouched ng-pristine ng-valid"[39m
    [33mformcontrolname[39m=[32m"numeroPostosFisicos"[39m
    [33mid[39m=[32m"numeroPostosFisicos"[39m
    [33mmin[39m=[32m"1"[39m
    [33mplaceholder[39m=[32m"Ex: 1"[39m
    [33mtype[39m=[32m"number"[39m
  [36m/>[39m

  Name "":
  [36m<input[39m
    [33m_ngcontent-a-c1325333187[39m=[32m""[39m
    [33mclass[39m=[32m"form-input ng-untouched ng-pristine ng-valid"[39m
    [33mformcontrolname[39m=[32m"quantidadeFuncionariosPorAlocacao"[39m
    [33mmin[39m=[32m"1"[39m
    [33mtype[39m=[32m"number"[39m
  [36m/>[39m

  Name "":
  [36m<input[39m
    [33m_ngcontent-a-c1325333187[39m=[32m""[39m
    [33mclass[39m=[32m"form-input ng-untouched ng-pristine ng-valid"[39m
    [33mformcontrolname[39m=[32m"valorDiariaCobrada"[39m
    [33mstep[39m=[32m"0.01"[39m
    [33mtype[39m=[32m"number"[39m
  [36m/>[39m

  Name "":
  [36m<input[39m
    [33m_ngcontent-a-c1325333187[39m=[32m""[39m
    [33mclass[39m=[32m"form-input ng-untouched ng-pristine ng-valid"[39m
    [33mformcontrolname[39m=[32m"valorBeneficiosExtrasMensal"[39m
    [33mstep[39m=[32m"0.01"[39m
    [33mtype[39m=[32m"number"[39m
  [36m/>[39m

  Name "Adicional Noturno (%) *":
  [36m<input[39m
    [33m_ngcontent-a-c1325333187[39m=[32m""[39m
    [33mclass[39m=[32m"form-input ng-untouched ng-pristine ng-valid"[39m
    [33mformcontrolname[39m=[32m"percentualAdicionalNoturno"[39m
    [33mid[39m=[32m"percentualAdicionalNoturno"[39m
    [33mmax[39m=[32m"100"[39m
    [33mmin[39m=[32m"0"[39m
    [33mplaceholder[39m=[32m"Ex: 20.00"[39m
    [33mstep[39m=[32m"0.01"[39m
    [33mtype[39m=[32m"number"[39m
  [36m/>[39m

  Name "Adicional Finais de Semana e Feriados (%) *":
  [36m<input[39m
    [33m_ngcontent-a-c1325333187[39m=[32m""[39m
    [33mclass[39m=[32m"form-input ng-untouched ng-pristine ng-valid"[39m
    [33mformcontrolname[39m=[32m"percentualAdicionalFimSemana"[39m
    [33mid[39m=[32m"percentualAdicionalFimSemana"[39m
    [33mmax[39m=[32m"200"[39m
    [33mmin[39m=[32m"0"[39m
    [33mplaceholder[39m=[32m"Ex: 100.00"[39m
    [33mstep[39m=[32m"0.01"[39m
    [33mtype[39m=[32m"number"[39m
  [36m/>[39m

  Name "Encargos e Provisões (%) *":
  [36m<input[39m
    [33m_ngcontent-a-c1325333187[39m=[32m""[39m
    [33mclass[39m=[32m"form-input ng-untouched ng-pristine ng-valid"[39m
    [33mformcontrolname[39m=[32m"percentualImpostos"[39m
    [33mid[39m=[32m"percentualImpostos"[39m
    [33mmax[39m=[32m"100"[39m
    [33mmin[39m=[32m"0"[39m
    [33mplaceholder[39m=[32m"Ex: 15.00"[39m
    [33mstep[39m=[32m"0.01"[39m
    [33mtype[39m=[32m"number"[39m
  [36m/>[39m

  Name "Margem de Lucro (%) *":
  [36m<input[39m
    [33m_ngcontent-a-c1325333187[39m=[32m""[39m
    [33mclass[39m=[32m"form-input ng-untouched ng-pristine ng-valid"[39m
    [33mformcontrolname[39m=[32m"margemLucroPercentual"[39m
    [33mid[39m=[32m"margemLucroPercentual"[39m
    [33mmax[39m=[32m"100"[39m
    [33mmin[39m=[32m"0"[39m
    [33mplaceholder[39m=[32m"Ex: 15.00"[39m
    [33mstep[39m=[32m"0.01"[39m
    [33mtype[39m=[32m"number"[39m
  [36m/>[39m

  Name "Margem Cobertura de Faltas (%) *":
  [36m<input[39m
    [33m_ngcontent-a-c1325333187[39m=[32m""[39m
    [33mclass[39m=[32m"form-input ng-untouched ng-pristine ng-valid"[39m
    [33mformcontrolname[39m=[32m"margemCoberturaFaltasPercentual"[39m
    [33mid[39m=[32m"margemCoberturaFaltasPercentual"[39m
    [33mmax[39m=[32m"100"[39m
    [33mmin[39m=[32m"0"[39m
    [33mplaceholder[39m=[32m"Ex: 10.00"[39m
    [33mstep[39m=[32m"0.01"[39m
    [33mtype[39m=[32m"number"[39m
  [36m/>[39m

  --------------------------------------------------

Ignored nodes: comments, script, style
[36m<body>[39m
  [36m<div[39m
    [33m_nghost-a-c1325333187[39m=[32m""[39m
    [33mid[39m=[32m"root4"[39m
    [33mng-version[39m=[32m"21.0.6"[39m
  [36m>[39m
    [36m<div[39m
      [33m_ngcontent-a-c1325333187[39m=[32m""[39m
      [33mclass[39m=[32m"page-container form-page"[39m
    [36m>[39m
      [36m<div[39m
        [33m_ngcontent-a-c1325333187[39m=[32m""[39m
        [33mclass[39m=[32m"page-header"[39m
      [36m>[39m
        [36m<div[39m
          [33m_ngcontent-a-c1325333187[39m=[32m""[39m
          [33mclass[39m=[32m"header-content"[39m
        [36m>[39m
          [36m<button[39m
            [33m_ngcontent-a-c1325333187[39m=[32m""[39m
            [33mclass[39m=[32m"btn-back"[39m
            [33mrouterlink[39m=[32m"/contratos"[39m
            [33mtabindex[39m=[32m"0"[39m
          [36m>[39m
            [36m<svg[39m
              [33m_ngcontent-a-c1325333187[39m=[32m""[39m
              [33mfill[39m=[32m"currentColor"[39m
              [33mheight[39m=[32m"20"[39m
              [33mviewBox[39m=[32m"0 0 20 20"[39m
              [33mwidth[39m=[32m"20"[39m
            [36m>[39m
              [36m<path[39m
                [33m_ngcontent-a-c1325333187[39m=[32m""[39m
                [33mclip-rule[39m=[32m"evenodd"[39m
                [33md[39m=[32m"M9.707 16.707a1 1 0 01-1.414 0l-6-6a1 1 0 010-1.414l6-6a1 1 0 011.414 1.414L5.414 9H17a1 1 0 110 2H5.414l4.293 4.293a1 1 0 010 1.414z"[39m
                [33mfill-rule[39m=[32m"evenodd"[39m
              [36m/>[39m
            [36m</svg>[39m
            [0m Voltar [0m
          [36m</button>[39m
          [36m<h1[39m
            [33m_ngcontent-a-c1325333187[39m=[32m""[39m
          [36m>[39m
            [0mNovo Contrato[0m
          [36m</h1>[39m
          [36m<p[39m
            [33m_ngcontent-a-c1325333187[39m=[32m""[39m
            [33mclass[39m=[32m"subtitle"[39m
          [36m>[39m
            [0m Preencha os dados para cadastrar um novo contrato [0m
          [36m</p>[39m
        [36m</div>[39m
      [36m</div>[39m
      [36m<form[39m
        [33m_ngcontent-a-c1325333187[39m=[32m""[39m
        [33mclass[39m=[32m"form-container ng-untouched ng-pristine ng-invalid"[39m
        [33mnovalidate[39m=[32m""[39m
      [36m>[39m
        [36m<div[39m
          [33m_ngcontent-a-c1325333187[39m=[32m""[39m
          [33mclass[39m=[32m"form-card"[39m
        [36m>[39m
          [36m<div[39m
            [33m_ngcontent-a-c1325333187[39m=[32m""[39m
            [33mclass[39m=[32m"form-group"[39m
          [36m>[39m
            [36m<label[39m
              [33m_ngcontent-a-c1325333187[39m=[32m""[39m
              [33mclass[39m=[32m"form-label"[39m
              [33mfor[39m=[32m"clienteId"[39m
            [36m>[39m
              [0m Cliente [0m
              [36m<span[39m
                [33m_ngcontent-a-c1325333187[39m=[32m""[39m
                [33mclass[39m=[32m"required"[39m
              [36m>[39m
                [0m*[0m
              [36m</span>[39m
            [36m</label>[39m
            [36m<select[39m
              [33m_ngcontent-a-c1325333187[39m=[32m""[39m
              [33mclass[39m=[32m"form-input ng-untouched ng-pristine ng-invalid"[39m
              [33mdata-testid[39m=[32m"contrato-cliente"[39m
              [33mformcontrolname[39m=[32m"clienteId"[39m
              [33mid[39m=[32m"clienteId"[39m
            [36m>[39m
              [36m<option[39m
                [33m_ngcontent-a-c1325333187[39m=[32m""[39m
                [33mvalue[39m=[32m""[39m
              [36m>[39m
                [0mSelecione um cliente[0m
              [36m</option>[39m
              [36m<option[39m
                [33m_ngcontent-a-c1325333187[39m=[32m""[39m
                [33mvalue[39m=[32m"c1"[39m
              [36m>[39m
                [0mEmpresa Alpha[0m
              [36m</option>[39m
              [36m<option[39m
                [33m_ngcontent-a-c1325333187[39m=[32m""[39m
                [33mvalue[39m=[32m"c2"[39m
              [36m>[39m
                [0mEmpresa Beta[0m
              [36m</option>[39m
            [36m</select>[39m
          [36m</div>[39m
          [36m<div[39m
            [33m_ngcontent-a-c1325333187[39m=[32m""[39m
            [33mclass[39m=[32m"form-group"[39m
          [36m>[39m
            [36m<label[39m
              [33m_ngcontent-a-c1325333187[39m=[32m""[39m
              [33mclass[39m=[32m"form-label"[39m
              [33mfor[39m=[32m"descricao"[39m
            [36m>[39m
              [0m Descrição [0m
              [36m<span[39m
                [33m_ngcontent-a-c1325333187[39m=[32m""[39m
                [33mclass[39m=[32m"required"[39m
              [36m>[39m
                [0m*[0m
              [36m</span>[39m
            [36m</label>[39m
            [36m<textarea[39m
              [33m_ngcontent-a-c1325333187[39m=[32m""[39m
              [33mclass[39m=[32m"form-input ng-untouched ng-pristine ng-invalid"[39m
              [33mdata-testid[39m=[32m"contrato-titulo"[39m
              [33mformcontrolname[39m=[32m"descricao"[39m
              [33mid[39m=[32m"descricao"[39m
              [33mplaceholder[39m=[32m"Ex: Contrato de prestação de serviços de vigilância"[39m
              [33mrows[39m=[32m"3"[39m
            [36m>[39m
              [0m        [0m
            [36m</textarea>[39m
          [36m</div>[39m
          [36m<h3[39m
            [33m_ngcontent-a-c1325333187[39m=[32m""[39m
            [33mclass[39m=[32m"section-title"[39m
          [36m>[39m
            [0mTags e Precificação por Função[0m
          [36m</h3>[39m
          [36m<app-tag-picker[39m
            [33m_ngcontent-a-c1325333187[39m=[32m""[39m
            [33m_nghost-a-c3509680523[39m=[32m""[39m
          [36m>[39m
            [36m<div[39m
              [33m_ngcontent-a-c3509680523[39m=[32m""[39m
              [33mclass[39m=[32m"tag-picker"[39m
            [36m>[39m
              [36m<div[39m
                [33m_ngcontent-a-c3509680523[39m=[32m""[39m
                [33mclass[39m=[32m"picker-header"[39m
              [36m>[39m
                [36m<label[39m
                  [33m_ngcontent-a-c3509680523[39m=[32m""[39m
                  [33mclass[39m=[32m"picker-label"[39m
                [36m>[39m
                  [0mSeleção de tags do contrato[0m
                [36m</label>[39m
                [36m<p[39m
                  [33m_ngcontent-a-c3509680523[39m=[32m""[39m
                  [33mclass[39m=[32m"helper-text"[39m
                [36m>[39m
                  [0mSelecione as tags aplicáveis ao contrato e informe o valor da diária específico de cada função.[0m
              ...
 ❯ Object.getElementError node_modules/@testing-library/dom/dist/config.js:37:19
 ❯ node_modules/@testing-library/dom/dist/query-helpers.js:76:38
 ❯ node_modules/@testing-library/dom/dist/query-helpers.js:52:17
 ❯ node_modules/@testing-library/dom/dist/query-helpers.js:95:19
 ❯ src/app/features/contratos/contrato-form/contrato-form.component.spec.ts:89:19
     87|     await render(ContratoFormComponent, { providers: buildProviders() …
     88| 
     89|     expect(screen.getByRole('button', { name: /Salvar/ })).toBeTruthy(…
       |                   ^
     90|   });
     91| 

⎯⎯⎯⎯⎯⎯⎯⎯⎯⎯⎯⎯⎯⎯⎯⎯⎯⎯⎯⎯⎯⎯⎯[6/17]⎯

 FAIL  |frontend| src/app/features/tags/tag-list/tag-list.component.spec.ts > TagListComponent > renderiza a lista de tags carregadas
ReferenceError: jasmine is not defined
 ❯ setup src/app/features/tags/tag-list/tag-list.component.spec.ts:16:5
     14| 
     15|   const setup = async (serviceOverrides: any = {}) => {
     16|     mockTagService = jasmine.createSpyObj('TagService', ['getAll', 'cr…
       |     ^
     17|     mockTagService.getAll.and.returnValue(of([...mockTags]));
     18|     mockTagService.create.and.returnValue(of(mockTags[0]));
 ❯ src/app/features/tags/tag-list/tag-list.component.spec.ts:30:11

⎯⎯⎯⎯⎯⎯⎯⎯⎯⎯⎯⎯⎯⎯⎯⎯⎯⎯⎯⎯⎯⎯⎯[7/17]⎯

 FAIL  |frontend| src/app/features/tags/tag-list/tag-list.component.spec.ts > TagListComponent > exibe o contador de resultados correto
ReferenceError: jasmine is not defined
 ❯ setup src/app/features/tags/tag-list/tag-list.component.spec.ts:16:5
     14| 
     15|   const setup = async (serviceOverrides: any = {}) => {
     16|     mockTagService = jasmine.createSpyObj('TagService', ['getAll', 'cr…
       |     ^
     17|     mockTagService.getAll.and.returnValue(of([...mockTags]));
     18|     mockTagService.create.and.returnValue(of(mockTags[0]));
 ❯ src/app/features/tags/tag-list/tag-list.component.spec.ts:36:11

⎯⎯⎯⎯⎯⎯⎯⎯⎯⎯⎯⎯⎯⎯⎯⎯⎯⎯⎯⎯⎯⎯⎯[8/17]⎯

 FAIL  |frontend| src/app/features/tags/tag-list/tag-list.component.spec.ts > TagListComponent > exibe mensagem de erro quando o serviço falha
ReferenceError: jasmine is not defined
 ❯ setup src/app/features/tags/tag-list/tag-list.component.spec.ts:16:5
     14| 
     15|   const setup = async (serviceOverrides: any = {}) => {
     16|     mockTagService = jasmine.createSpyObj('TagService', ['getAll', 'cr…
       |     ^
     17|     mockTagService.getAll.and.returnValue(of([...mockTags]));
     18|     mockTagService.create.and.returnValue(of(mockTags[0]));
 ❯ src/app/features/tags/tag-list/tag-list.component.spec.ts:41:11

⎯⎯⎯⎯⎯⎯⎯⎯⎯⎯⎯⎯⎯⎯⎯⎯⎯⎯⎯⎯⎯⎯⎯[9/17]⎯

 FAIL  |frontend| src/app/features/tags/tag-list/tag-list.component.spec.ts > TagListComponent > abre o modal de criação ao clicar em "+ Nova Tag"
ReferenceError: jasmine is not defined
 ❯ setup src/app/features/tags/tag-list/tag-list.component.spec.ts:16:5
     14| 
     15|   const setup = async (serviceOverrides: any = {}) => {
     16|     mockTagService = jasmine.createSpyObj('TagService', ['getAll', 'cr…
       |     ^
     17|     mockTagService.getAll.and.returnValue(of([...mockTags]));
     18|     mockTagService.create.and.returnValue(of(mockTags[0]));
 ❯ src/app/features/tags/tag-list/tag-list.component.spec.ts:48:11

⎯⎯⎯⎯⎯⎯⎯⎯⎯⎯⎯⎯⎯⎯⎯⎯⎯⎯⎯⎯⎯⎯[10/17]⎯

 FAIL  |frontend| src/app/features/tags/tag-list/tag-list.component.spec.ts > TagListComponent > chama service.delete ao confirmar exclusão
ReferenceError: jasmine is not defined
 ❯ setup src/app/features/tags/tag-list/tag-list.component.spec.ts:16:5
     14| 
     15|   const setup = async (serviceOverrides: any = {}) => {
     16|     mockTagService = jasmine.createSpyObj('TagService', ['getAll', 'cr…
       |     ^
     17|     mockTagService.getAll.and.returnValue(of([...mockTags]));
     18|     mockTagService.create.and.returnValue(of(mockTags[0]));
 ❯ src/app/features/tags/tag-list/tag-list.component.spec.ts:54:31

⎯⎯⎯⎯⎯⎯⎯⎯⎯⎯⎯⎯⎯⎯⎯⎯⎯⎯⎯⎯⎯⎯[11/17]⎯

 FAIL  |frontend| src/app/shared/components/tag-picker/tag-picker.component.spec.ts > TagPickerComponent > renderiza os botões de seleção para cada tag
TestingLibraryElementError: Unable to find an element with the text: Auxiliar. This could be because the text is broken up by multiple elements. In this case, you can provide a function for your text matcher to make your matcher more flexible.

Ignored nodes: comments, script, style
[36m<body>[39m
  [36m<div[39m
    [33m_nghost-a-c3509680523[39m=[32m""[39m
    [33mid[39m=[32m"root0"[39m
    [33mng-version[39m=[32m"21.0.6"[39m
  [36m>[39m
    [36m<div[39m
      [33m_ngcontent-a-c3509680523[39m=[32m""[39m
      [33mclass[39m=[32m"tag-picker"[39m
    [36m>[39m
      [36m<div[39m
        [33m_ngcontent-a-c3509680523[39m=[32m""[39m
        [33mclass[39m=[32m"picker-header"[39m
      [36m>[39m
        [36m<label[39m
          [33m_ngcontent-a-c3509680523[39m=[32m""[39m
          [33mclass[39m=[32m"picker-label"[39m
        [36m>[39m
          [0mFunções[0m
        [36m</label>[39m
      [36m</div>[39m
      [36m<input[39m
        [33m_ngcontent-a-c3509680523[39m=[32m""[39m
        [33mclass[39m=[32m"search-input ng-untouched ng-pristine ng-valid"[39m
        [33mplaceholder[39m=[32m"Buscar por nome ou descrição..."[39m
        [33mtype[39m=[32m"text"[39m
      [36m/>[39m
      [36m<div[39m
        [33m_ngcontent-a-c3509680523[39m=[32m""[39m
        [33mclass[39m=[32m"tag-list"[39m
      [36m>[39m
        [36m<button[39m
          [33m_ngcontent-a-c3509680523[39m=[32m""[39m
          [33mclass[39m=[32m"tag-option"[39m
          [33mtype[39m=[32m"button"[39m
        [36m>[39m
          [36m<span[39m
            [33m_ngcontent-a-c3509680523[39m=[32m""[39m
            [33mclass[39m=[32m"check"[39m
          [36m>[39m
            [0m[0m
          [36m</span>[39m
          [36m<span[39m
            [33m_ngcontent-a-c3509680523[39m=[32m""[39m
            [33mclass[39m=[32m"content"[39m
          [36m>[39m
            [36m<strong[39m
              [33m_ngcontent-a-c3509680523[39m=[32m""[39m
            [36m>[39m
              [0mVigilante[0m
            [36m</strong>[39m
            [36m<small[39m
              [33m_ngcontent-a-c3509680523[39m=[32m""[39m
            [36m>[39m
              [0mGuarda patrimonial[0m
            [36m</small>[39m
          [36m</span>[39m
        [36m</button>[39m
        [36m<button[39m
          [33m_ngcontent-a-c3509680523[39m=[32m""[39m
          [33mclass[39m=[32m"tag-option"[39m
          [33mtype[39m=[32m"button"[39m
        [36m>[39m
          [36m<span[39m
            [33m_ngcontent-a-c3509680523[39m=[32m""[39m
            [33mclass[39m=[32m"check"[39m
          [36m>[39m
            [0m[0m
          [36m</span>[39m
          [36m<span[39m
            [33m_ngcontent-a-c3509680523[39m=[32m""[39m
            [33mclass[39m=[32m"content"[39m
          [36m>[39m
            [36m<strong[39m
              [33m_ngcontent-a-c3509680523[39m=[32m""[39m
            [36m>[39m
              [0mSupervisor[0m
            [36m</strong>[39m
            [36m<small[39m
              [33m_ngcontent-a-c3509680523[39m=[32m""[39m
            [36m>[39m
              [0mLíder de equipe[0m
            [36m</small>[39m
          [36m</span>[39m
        [36m</button>[39m
        [36m<button[39m
          [33m_ngcontent-a-c3509680523[39m=[32m""[39m
          [33mclass[39m=[32m"tag-option"[39m
          [33mtype[39m=[32m"button"[39m
        [36m>[39m
          [36m<span[39m
            [33m_ngcontent-a-c3509680523[39m=[32m""[39m
            [33mclass[39m=[32m"check"[39m
          [36m>[39m
            [0m[0m
          [36m</span>[39m
          [36m<span[39m
            [33m_ngcontent-a-c3509680523[39m=[32m""[39m
            [33mclass[39m=[32m"content"[39m
          [36m>[39m
            [36m<strong[39m
              [33m_ngcontent-a-c3509680523[39m=[32m""[39m
            [36m>[39m
              [0mPorteiro[0m
            [36m</strong>[39m
          [36m</span>[39m
        [36m</button>[39m
      [36m</div>[39m
    [36m</div>[39m
  [36m</div>[39m
[36m</body>[39m
 ❯ Object.getElementError node_modules/@testing-library/dom/dist/config.js:37:19
 ❯ node_modules/@testing-library/dom/dist/query-helpers.js:76:38
 ❯ node_modules/@testing-library/dom/dist/query-helpers.js:52:17
 ❯ node_modules/@testing-library/dom/dist/query-helpers.js:95:19
 ❯ src/app/shared/components/tag-picker/tag-picker.component.spec.ts:28:19
     26|     expect(screen.getByText('Vigilante')).toBeTruthy();
     27|     expect(screen.getByText('Supervisor')).toBeTruthy();
     28|     expect(screen.getByText('Auxiliar')).toBeTruthy();
       |                   ^
     29|   });
     30| 

⎯⎯⎯⎯⎯⎯⎯⎯⎯⎯⎯⎯⎯⎯⎯⎯⎯⎯⎯⎯⎯⎯[12/17]⎯

 FAIL  |frontend| src/app/shared/components/tag-picker/tag-picker.component.spec.ts > TagPickerComponent > permite buscar tags por nome
TestingLibraryElementError: Unable to find an element with the placeholder text of: /Buscar tag/

Ignored nodes: comments, script, style
[36m<body>[39m
  [36m<div[39m
    [33m_nghost-a-c3509680523[39m=[32m""[39m
    [33mid[39m=[32m"root1"[39m
    [33mng-version[39m=[32m"21.0.6"[39m
  [36m>[39m
    [36m<div[39m
      [33m_ngcontent-a-c3509680523[39m=[32m""[39m
      [33mclass[39m=[32m"tag-picker"[39m
    [36m>[39m
      [36m<div[39m
        [33m_ngcontent-a-c3509680523[39m=[32m""[39m
        [33mclass[39m=[32m"picker-header"[39m
      [36m>[39m
        [36m<label[39m
          [33m_ngcontent-a-c3509680523[39m=[32m""[39m
          [33mclass[39m=[32m"picker-label"[39m
        [36m>[39m
          [0mFunções[0m
        [36m</label>[39m
      [36m</div>[39m
      [36m<input[39m
        [33m_ngcontent-a-c3509680523[39m=[32m""[39m
        [33mclass[39m=[32m"search-input ng-untouched ng-pristine ng-valid"[39m
        [33mplaceholder[39m=[32m"Buscar por nome ou descrição..."[39m
        [33mtype[39m=[32m"text"[39m
      [36m/>[39m
      [36m<div[39m
        [33m_ngcontent-a-c3509680523[39m=[32m""[39m
        [33mclass[39m=[32m"tag-list"[39m
      [36m>[39m
        [36m<button[39m
          [33m_ngcontent-a-c3509680523[39m=[32m""[39m
          [33mclass[39m=[32m"tag-option"[39m
          [33mtype[39m=[32m"button"[39m
        [36m>[39m
          [36m<span[39m
            [33m_ngcontent-a-c3509680523[39m=[32m""[39m
            [33mclass[39m=[32m"check"[39m
          [36m>[39m
            [0m[0m
          [36m</span>[39m
          [36m<span[39m
            [33m_ngcontent-a-c3509680523[39m=[32m""[39m
            [33mclass[39m=[32m"content"[39m
          [36m>[39m
            [36m<strong[39m
              [33m_ngcontent-a-c3509680523[39m=[32m""[39m
            [36m>[39m
              [0mVigilante[0m
            [36m</strong>[39m
            [36m<small[39m
              [33m_ngcontent-a-c3509680523[39m=[32m""[39m
            [36m>[39m
              [0mGuarda patrimonial[0m
            [36m</small>[39m
          [36m</span>[39m
        [36m</button>[39m
        [36m<button[39m
          [33m_ngcontent-a-c3509680523[39m=[32m""[39m
          [33mclass[39m=[32m"tag-option"[39m
          [33mtype[39m=[32m"button"[39m
        [36m>[39m
          [36m<span[39m
            [33m_ngcontent-a-c3509680523[39m=[32m""[39m
            [33mclass[39m=[32m"check"[39m
          [36m>[39m
            [0m[0m
          [36m</span>[39m
          [36m<span[39m
            [33m_ngcontent-a-c3509680523[39m=[32m""[39m
            [33mclass[39m=[32m"content"[39m
          [36m>[39m
            [36m<strong[39m
              [33m_ngcontent-a-c3509680523[39m=[32m""[39m
            [36m>[39m
              [0mSupervisor[0m
            [36m</strong>[39m
            [36m<small[39m
              [33m_ngcontent-a-c3509680523[39m=[32m""[39m
            [36m>[39m
              [0mLíder de equipe[0m
            [36m</small>[39m
          [36m</span>[39m
        [36m</button>[39m
        [36m<button[39m
          [33m_ngcontent-a-c3509680523[39m=[32m""[39m
          [33mclass[39m=[32m"tag-option"[39m
          [33mtype[39m=[32m"button"[39m
        [36m>[39m
          [36m<span[39m
            [33m_ngcontent-a-c3509680523[39m=[32m""[39m
            [33mclass[39m=[32m"check"[39m
          [36m>[39m
            [0m[0m
          [36m</span>[39m
          [36m<span[39m
            [33m_ngcontent-a-c3509680523[39m=[32m""[39m
            [33mclass[39m=[32m"content"[39m
          [36m>[39m
            [36m<strong[39m
              [33m_ngcontent-a-c3509680523[39m=[32m""[39m
            [36m>[39m
              [0mPorteiro[0m
            [36m</strong>[39m
          [36m</span>[39m
        [36m</button>[39m
      [36m</div>[39m
    [36m</div>[39m
  [36m</div>[39m
[36m</body>[39m
 ❯ Object.getElementError node_modules/@testing-library/dom/dist/config.js:37:19
 ❯ node_modules/@testing-library/dom/dist/query-helpers.js:76:38
 ❯ node_modules/@testing-library/dom/dist/query-helpers.js:52:17
 ❯ node_modules/@testing-library/dom/dist/query-helpers.js:95:19
 ❯ src/app/shared/components/tag-picker/tag-picker.component.spec.ts:33:26
     31|   it('permite buscar tags por nome', async () => {
     32|     await setup();
     33|     const input = screen.getByPlaceholderText(/Buscar tag/);
       |                          ^
     34|     await userEvent.type(input, 'vigilante');
     35| 

⎯⎯⎯⎯⎯⎯⎯⎯⎯⎯⎯⎯⎯⎯⎯⎯⎯⎯⎯⎯⎯⎯[13/17]⎯

 FAIL  |frontend| src/app/shared/components/tag-picker/tag-picker.component.spec.ts > TagPickerComponent > exibe mensagem quando nenhuma tag é encontrada
TestingLibraryElementError: Unable to find an element with the placeholder text of: /Buscar tag/

Ignored nodes: comments, script, style
[36m<body>[39m
  [36m<div[39m
    [33m_nghost-a-c3509680523[39m=[32m""[39m
    [33mid[39m=[32m"root2"[39m
    [33mng-version[39m=[32m"21.0.6"[39m
  [36m>[39m
    [36m<div[39m
      [33m_ngcontent-a-c3509680523[39m=[32m""[39m
      [33mclass[39m=[32m"tag-picker"[39m
    [36m>[39m
      [36m<div[39m
        [33m_ngcontent-a-c3509680523[39m=[32m""[39m
        [33mclass[39m=[32m"picker-header"[39m
      [36m>[39m
        [36m<label[39m
          [33m_ngcontent-a-c3509680523[39m=[32m""[39m
          [33mclass[39m=[32m"picker-label"[39m
        [36m>[39m
          [0mFunções[0m
        [36m</label>[39m
      [36m</div>[39m
      [36m<input[39m
        [33m_ngcontent-a-c3509680523[39m=[32m""[39m
        [33mclass[39m=[32m"search-input ng-untouched ng-pristine ng-valid"[39m
        [33mplaceholder[39m=[32m"Buscar por nome ou descrição..."[39m
        [33mtype[39m=[32m"text"[39m
      [36m/>[39m
      [36m<div[39m
        [33m_ngcontent-a-c3509680523[39m=[32m""[39m
        [33mclass[39m=[32m"tag-list"[39m
      [36m>[39m
        [36m<button[39m
          [33m_ngcontent-a-c3509680523[39m=[32m""[39m
          [33mclass[39m=[32m"tag-option"[39m
          [33mtype[39m=[32m"button"[39m
        [36m>[39m
          [36m<span[39m
            [33m_ngcontent-a-c3509680523[39m=[32m""[39m
            [33mclass[39m=[32m"check"[39m
          [36m>[39m
            [0m[0m
          [36m</span>[39m
          [36m<span[39m
            [33m_ngcontent-a-c3509680523[39m=[32m""[39m
            [33mclass[39m=[32m"content"[39m
          [36m>[39m
            [36m<strong[39m
              [33m_ngcontent-a-c3509680523[39m=[32m""[39m
            [36m>[39m
              [0mVigilante[0m
            [36m</strong>[39m
            [36m<small[39m
              [33m_ngcontent-a-c3509680523[39m=[32m""[39m
            [36m>[39m
              [0mGuarda patrimonial[0m
            [36m</small>[39m
          [36m</span>[39m
        [36m</button>[39m
        [36m<button[39m
          [33m_ngcontent-a-c3509680523[39m=[32m""[39m
          [33mclass[39m=[32m"tag-option"[39m
          [33mtype[39m=[32m"button"[39m
        [36m>[39m
          [36m<span[39m
            [33m_ngcontent-a-c3509680523[39m=[32m""[39m
            [33mclass[39m=[32m"check"[39m
          [36m>[39m
            [0m[0m
          [36m</span>[39m
          [36m<span[39m
            [33m_ngcontent-a-c3509680523[39m=[32m""[39m
            [33mclass[39m=[32m"content"[39m
          [36m>[39m
            [36m<strong[39m
              [33m_ngcontent-a-c3509680523[39m=[32m""[39m
            [36m>[39m
              [0mSupervisor[0m
            [36m</strong>[39m
            [36m<small[39m
              [33m_ngcontent-a-c3509680523[39m=[32m""[39m
            [36m>[39m
              [0mLíder de equipe[0m
            [36m</small>[39m
          [36m</span>[39m
        [36m</button>[39m
        [36m<button[39m
          [33m_ngcontent-a-c3509680523[39m=[32m""[39m
          [33mclass[39m=[32m"tag-option"[39m
          [33mtype[39m=[32m"button"[39m
        [36m>[39m
          [36m<span[39m
            [33m_ngcontent-a-c3509680523[39m=[32m""[39m
            [33mclass[39m=[32m"check"[39m
          [36m>[39m
            [0m[0m
          [36m</span>[39m
          [36m<span[39m
            [33m_ngcontent-a-c3509680523[39m=[32m""[39m
            [33mclass[39m=[32m"content"[39m
          [36m>[39m
            [36m<strong[39m
              [33m_ngcontent-a-c3509680523[39m=[32m""[39m
            [36m>[39m
              [0mPorteiro[0m
            [36m</strong>[39m
          [36m</span>[39m
        [36m</button>[39m
      [36m</div>[39m
    [36m</div>[39m
  [36m</div>[39m
[36m</body>[39m
 ❯ Object.getElementError node_modules/@testing-library/dom/dist/config.js:37:19
 ❯ node_modules/@testing-library/dom/dist/query-helpers.js:76:38
 ❯ node_modules/@testing-library/dom/dist/query-helpers.js:52:17
 ❯ node_modules/@testing-library/dom/dist/query-helpers.js:95:19
 ❯ src/app/shared/components/tag-picker/tag-picker.component.spec.ts:42:26
     40|   it('exibe mensagem quando nenhuma tag é encontrada', async () => {
     41|     await setup();
     42|     const input = screen.getByPlaceholderText(/Buscar tag/);
       |                          ^
     43|     await userEvent.type(input, 'inexistente');
     44| 

⎯⎯⎯⎯⎯⎯⎯⎯⎯⎯⎯⎯⎯⎯⎯⎯⎯⎯⎯⎯⎯⎯[14/17]⎯

 FAIL  |frontend| src/app/shared/components/tag-picker/tag-picker.component.spec.ts > TagPickerComponent > abre e fecha o dropdown ao focar/desfocar
TestingLibraryElementError: Unable to find an element with the placeholder text of: /Buscar tag/

Ignored nodes: comments, script, style
[36m<body>[39m
  [36m<div[39m
    [33m_nghost-a-c3509680523[39m=[32m""[39m
    [33mid[39m=[32m"root3"[39m
    [33mng-version[39m=[32m"21.0.6"[39m
  [36m>[39m
    [36m<div[39m
      [33m_ngcontent-a-c3509680523[39m=[32m""[39m
      [33mclass[39m=[32m"tag-picker"[39m
    [36m>[39m
      [36m<div[39m
        [33m_ngcontent-a-c3509680523[39m=[32m""[39m
        [33mclass[39m=[32m"picker-header"[39m
      [36m>[39m
        [36m<label[39m
          [33m_ngcontent-a-c3509680523[39m=[32m""[39m
          [33mclass[39m=[32m"picker-label"[39m
        [36m>[39m
          [0mFunções[0m
        [36m</label>[39m
      [36m</div>[39m
      [36m<input[39m
        [33m_ngcontent-a-c3509680523[39m=[32m""[39m
        [33mclass[39m=[32m"search-input ng-untouched ng-pristine ng-valid"[39m
        [33mplaceholder[39m=[32m"Buscar por nome ou descrição..."[39m
        [33mtype[39m=[32m"text"[39m
      [36m/>[39m
      [36m<div[39m
        [33m_ngcontent-a-c3509680523[39m=[32m""[39m
        [33mclass[39m=[32m"tag-list"[39m
      [36m>[39m
        [36m<button[39m
          [33m_ngcontent-a-c3509680523[39m=[32m""[39m
          [33mclass[39m=[32m"tag-option"[39m
          [33mtype[39m=[32m"button"[39m
        [36m>[39m
          [36m<span[39m
            [33m_ngcontent-a-c3509680523[39m=[32m""[39m
            [33mclass[39m=[32m"check"[39m
          [36m>[39m
            [0m[0m
          [36m</span>[39m
          [36m<span[39m
            [33m_ngcontent-a-c3509680523[39m=[32m""[39m
            [33mclass[39m=[32m"content"[39m
          [36m>[39m
            [36m<strong[39m
              [33m_ngcontent-a-c3509680523[39m=[32m""[39m
            [36m>[39m
              [0mVigilante[0m
            [36m</strong>[39m
            [36m<small[39m
              [33m_ngcontent-a-c3509680523[39m=[32m""[39m
            [36m>[39m
              [0mGuarda patrimonial[0m
            [36m</small>[39m
          [36m</span>[39m
        [36m</button>[39m
        [36m<button[39m
          [33m_ngcontent-a-c3509680523[39m=[32m""[39m
          [33mclass[39m=[32m"tag-option"[39m
          [33mtype[39m=[32m"button"[39m
        [36m>[39m
          [36m<span[39m
            [33m_ngcontent-a-c3509680523[39m=[32m""[39m
            [33mclass[39m=[32m"check"[39m
          [36m>[39m
            [0m[0m
          [36m</span>[39m
          [36m<span[39m
            [33m_ngcontent-a-c3509680523[39m=[32m""[39m
            [33mclass[39m=[32m"content"[39m
          [36m>[39m
            [36m<strong[39m
              [33m_ngcontent-a-c3509680523[39m=[32m""[39m
            [36m>[39m
              [0mSupervisor[0m
            [36m</strong>[39m
            [36m<small[39m
              [33m_ngcontent-a-c3509680523[39m=[32m""[39m
            [36m>[39m
              [0mLíder de equipe[0m
            [36m</small>[39m
          [36m</span>[39m
        [36m</button>[39m
        [36m<button[39m
          [33m_ngcontent-a-c3509680523[39m=[32m""[39m
          [33mclass[39m=[32m"tag-option"[39m
          [33mtype[39m=[32m"button"[39m
        [36m>[39m
          [36m<span[39m
            [33m_ngcontent-a-c3509680523[39m=[32m""[39m
            [33mclass[39m=[32m"check"[39m
          [36m>[39m
            [0m[0m
          [36m</span>[39m
          [36m<span[39m
            [33m_ngcontent-a-c3509680523[39m=[32m""[39m
            [33mclass[39m=[32m"content"[39m
          [36m>[39m
            [36m<strong[39m
              [33m_ngcontent-a-c3509680523[39m=[32m""[39m
            [36m>[39m
              [0mPorteiro[0m
            [36m</strong>[39m
          [36m</span>[39m
        [36m</button>[39m
      [36m</div>[39m
    [36m</div>[39m
  [36m</div>[39m
[36m</body>[39m
 ❯ Object.getElementError node_modules/@testing-library/dom/dist/config.js:37:19
 ❯ node_modules/@testing-library/dom/dist/query-helpers.js:76:38
 ❯ node_modules/@testing-library/dom/dist/query-helpers.js:52:17
 ❯ node_modules/@testing-library/dom/dist/query-helpers.js:95:19
 ❯ src/app/shared/components/tag-picker/tag-picker.component.spec.ts:50:26
     48|   it('abre e fecha o dropdown ao focar/desfocar', async () => {
     49|     await setup();
     50|     const input = screen.getByPlaceholderText(/Buscar tag/);
       |                          ^
     51| 
     52|     await userEvent.click(input);

⎯⎯⎯⎯⎯⎯⎯⎯⎯⎯⎯⎯⎯⎯⎯⎯⎯⎯⎯⎯⎯⎯[15/17]⎯

 FAIL  |frontend| src/app/shared/components/tag-picker/tag-picker.component.spec.ts > TagPickerComponent > permite selecionar múltiplas tags e exibe-as no input
Error: NG0303: Can't set value of the 'tagsSelected' input on the '_TagPickerComponent' component. Make sure that the 'tagsSelected' property is declared as an input using the input() or model() function or the @Input() decorator.
 ❯ reportUnknownPropertyError node_modules/@angular/core/fesm2022/_debug_node-chunk.mjs:2830:11
 ❯ ComponentRef.setInput node_modules/@angular/core/fesm2022/_debug_node-chunk.mjs:8422:7
 ❯ setComponentInputs node_modules/@testing-library/angular/fesm2022/testing-library-angular.mjs:300:30
 ❯ renderFixture node_modules/@testing-library/angular/fesm2022/testing-library-angular.mjs:152:13
 ❯ render node_modules/@testing-library/angular/fesm2022/testing-library-angular.mjs:176:21
 ❯ src/app/shared/components/tag-picker/tag-picker.component.spec.ts:61:5
     59|   it('permite selecionar múltiplas tags e exibe-as no input', async ()…
     60|     const onTagsSelected = vi.fn();
     61|     await setup({ tagsSelected: onTagsSelected });
       |     ^
     62| 
     63|     await userEvent.click(screen.getByPlaceholderText(/Buscar tag/));

⎯⎯⎯⎯⎯⎯⎯⎯⎯⎯⎯⎯⎯⎯⎯⎯⎯⎯⎯⎯⎯⎯[16/17]⎯

 FAIL  |frontend| src/app/shared/components/tag-picker/tag-picker.component.spec.ts > TagPickerComponent > permite remover uma tag selecionada ao clicar no "X"
Error: NG0303: Can't set value of the 'tagsSelected' input on the '_TagPickerComponent' component. Make sure that the 'tagsSelected' property is declared as an input using the input() or model() function or the @Input() decorator.
 ❯ reportUnknownPropertyError node_modules/@angular/core/fesm2022/_debug_node-chunk.mjs:2830:11
 ❯ ComponentRef.setInput node_modules/@angular/core/fesm2022/_debug_node-chunk.mjs:8422:7
 ❯ setComponentInputs node_modules/@testing-library/angular/fesm2022/testing-library-angular.mjs:300:30
 ❯ renderFixture node_modules/@testing-library/angular/fesm2022/testing-library-angular.mjs:152:13
 ❯ render node_modules/@testing-library/angular/fesm2022/testing-library-angular.mjs:176:21
 ❯ src/app/shared/components/tag-picker/tag-picker.component.spec.ts:79:25
     77|   it('permite remover uma tag selecionada ao clicar no "X"', async () …
     78|     const onTagsSelected = vi.fn();
     79|     const { fixture } = await setup({
       |                         ^
     80|       tagsSelected: onTagsSelected,
     81|       initialTags: [mockTags[0]],

⎯⎯⎯⎯⎯⎯⎯⎯⎯⎯⎯⎯⎯⎯⎯⎯⎯⎯⎯⎯⎯⎯[17/17]⎯


 Test Files  7 failed | 10 passed (17)
      Tests  14 failed | 66 passed (80)
   Start at  21:41:35
   Duration  15.42s (transform 4.59s, setup 17.15s, import 10.29s, tests 9.83s, environment 77.39s)

